// Jest Snapshot v1, https://goo.gl/fbAQLP

exports[`should render App component 1`] = `
Object {
  "asFragment": [Function],
  "baseElement": <body>
    <div>
      <div
        class="row g-0 vh-100 bg-body-secondary"
      >
        <div
          class="col-md-12"
        >
          <header>
            <div
              class="overlay"
            >
              <h1>
                Book List
              </h1>
            </div>
          </header>
          <div
            class="row g-0"
          >
            <div
              class="col-md-7 overflow-auto"
              style="height: calc(100vh - 200px);"
            >
              <h3
                class="text-center text-secondary fw-bold"
              >
                Books
              </h3>
              <button
                class="mx-2 mt-2 fs-6 btn btn-primary"
                type="button"
              >
                Title 1
              </button>
              <button
                class="mx-2 mt-2 fs-6 btn btn-primary"
                type="button"
              >
                Title 2
              </button>
              <button
                class="mx-2 mt-2 fs-6 btn btn-primary"
                type="button"
              >
                Title 3
              </button>
              <div
                class="toast-container top-0 end-0 p-3"
              />
              <button
                class="fixed-bottom w-25 btn btn-outline-success"
                style="left: 20px; bottom: 20px;"
                type="button"
              >
                Add New Book
              </button>
            </div>
            <div
              class="col-md-5"
            />
          </div>
        </div>
      </div>
    </div>
  </body>,
  "container": <div>
    <div
      class="row g-0 vh-100 bg-body-secondary"
    >
      <div
        class="col-md-12"
      >
        <header>
          <div
            class="overlay"
          >
            <h1>
              Book List
            </h1>
          </div>
        </header>
        <div
          class="row g-0"
        >
          <div
            class="col-md-7 overflow-auto"
            style="height: calc(100vh - 200px);"
          >
            <h3
              class="text-center text-secondary fw-bold"
            >
              Books
            </h3>
            <button
              class="mx-2 mt-2 fs-6 btn btn-primary"
              type="button"
            >
              Title 1
            </button>
            <button
              class="mx-2 mt-2 fs-6 btn btn-primary"
              type="button"
            >
              Title 2
            </button>
            <button
              class="mx-2 mt-2 fs-6 btn btn-primary"
              type="button"
            >
              Title 3
            </button>
            <div
              class="toast-container top-0 end-0 p-3"
            />
            <button
              class="fixed-bottom w-25 btn btn-outline-success"
              style="left: 20px; bottom: 20px;"
              type="button"
            >
              Add New Book
            </button>
          </div>
          <div
            class="col-md-5"
          />
        </div>
      </div>
    </div>
  </div>,
  "debug": [Function],
  "findAllByAltText": [Function],
  "findAllByDisplayValue": [Function],
  "findAllByLabelText": [Function],
  "findAllByPlaceholderText": [Function],
  "findAllByRole": [Function],
  "findAllByTestId": [Function],
  "findAllByText": [Function],
  "findAllByTitle": [Function],
  "findByAltText": [Function],
  "findByDisplayValue": [Function],
  "findByLabelText": [Function],
  "findByPlaceholderText": [Function],
  "findByRole": [Function],
  "findByTestId": [Function],
  "findByText": [Function],
  "findByTitle": [Function],
  "getAllByAltText": [Function],
  "getAllByDisplayValue": [Function],
  "getAllByLabelText": [Function],
  "getAllByPlaceholderText": [Function],
  "getAllByRole": [Function],
  "getAllByTestId": [Function],
  "getAllByText": [Function],
  "getAllByTitle": [Function],
  "getByAltText": [Function],
  "getByDisplayValue": [Function],
  "getByLabelText": [Function],
  "getByPlaceholderText": [Function],
  "getByRole": [Function],
  "getByTestId": [Function],
  "getByText": [Function],
  "getByTitle": [Function],
  "queryAllByAltText": [Function],
  "queryAllByDisplayValue": [Function],
  "queryAllByLabelText": [Function],
  "queryAllByPlaceholderText": [Function],
  "queryAllByRole": [Function],
  "queryAllByTestId": [Function],
  "queryAllByText": [Function],
  "queryAllByTitle": [Function],
  "queryByAltText": [Function],
  "queryByDisplayValue": [Function],
  "queryByLabelText": [Function],
  "queryByPlaceholderText": [Function],
  "queryByRole": [Function],
  "queryByTestId": [Function],
  "queryByText": [Function],
  "queryByTitle": [Function],
  "rerender": [Function],
  "unmount": [Function],
}
`;
